// Jest Snapshot v1, https://goo.gl/fbAQLP

exports[`My App component renders without crashing 1`] = `
<span>
  oi
</span>
`;
