// Jest Snapshot v1, https://goo.gl/fbAQLP

exports[`My TodoAdd component renders without crashing 1`] = `
<form
  onSubmit={[Function]}
>
  <input
    type="text"
  />
</form>
`;
